// Jest Snapshot v1, https://goo.gl/fbAQLP

exports[`ErrorContainer do not change 1`] = `
<p
  className="text-danger"
  style={
    Object {
      "marginTop": 10,
    }
  }
>
  An error
</p>
`;

exports[`Form component do not change 1`] = `
<form
  onSubmit={[Function]}
  style={
    Object {
      "marginTop": 10,
    }
  }
>
  <h2
    className="label-wrapper"
  >
    <label
      className="label__lg"
      htmlFor="new-todo-input"
      style={
        Object {
          "fontSize": 20,
          "marginBottom": 25,
        }
      }
    >
      What needs to be done today?
    </label>
  </h2>
  <input
    autoComplete="off"
    className="input input__lg"
    id="new-todo-input"
    name="text"
    onChange={[Function]}
    style={
      Object {
        "borderRadius": "0.25rem",
      }
    }
    type="text"
    value=""
  />
  <div
    className="btn-group"
  >
    <button
      className="btn btn__primary"
      type="submit"
    >
      New task
    </button>
    <button
      className="btn btn__danger"
      onClick={[Function]}
    >
      Delete all tasks
    </button>
  </div>
</form>
`;
